2026-02-10 00:32:03 - 2048_Game_System - INFO -Executing main function.
2026-02-10 00:32:03 - 2048_Game_System - INFO -In generate_random_number function
2026-02-10 00:32:03 - 2048_Game_System - INFO -In generate_random_number function
2026-02-10 00:32:03 - 2048_Game_System - INFO -Your Score: 0
2026-02-10 00:32:09 - 2048_Game_System - INFO -Action: Moving Down...
2026-02-10 00:32:09 - 2048_Game_System - INFO -Action: Moving Down is Done ...
2026-02-10 00:32:09 - 2048_Game_System - INFO -In check_game_over function
2026-02-10 00:32:09 - 2048_Game_System - INFO -In generate_random_number function
2026-02-10 00:32:09 - 2048_Game_System - INFO -Your Score: 0
2026-02-10 00:32:13 - 2048_Game_System - INFO -Action: Turning Left...
2026-02-10 00:32:13 - 2048_Game_System - INFO -Action: Turning Left is done...
2026-02-10 00:32:13 - 2048_Game_System - INFO -In check_game_over function
2026-02-10 00:32:13 - 2048_Game_System - INFO -In generate_random_number function
2026-02-10 00:32:13 - 2048_Game_System - INFO -Your Score: 4
2026-02-10 00:32:14 - 2048_Game_System - INFO -Action: Moving Down...
2026-02-10 00:32:14 - 2048_Game_System - INFO -Action: Moving Down is Done ...
2026-02-10 00:32:14 - 2048_Game_System - INFO -In check_game_over function
2026-02-10 00:32:14 - 2048_Game_System - INFO -In generate_random_number function
2026-02-10 00:32:14 - 2048_Game_System - INFO -Your Score: 12
2026-02-10 00:32:17 - 2048_Game_System - INFO -Action: Turning Right...
2026-02-10 00:32:17 - 2048_Game_System - INFO -Action: Turning Right is done ...
2026-02-10 00:32:17 - 2048_Game_System - INFO -In check_game_over function
2026-02-10 00:32:17 - 2048_Game_System - INFO -In generate_random_number function
2026-02-10 00:32:17 - 2048_Game_System - INFO -Your Score: 12
2026-02-10 00:32:18 - 2048_Game_System - INFO -Action: Turning Left...
2026-02-10 00:32:18 - 2048_Game_System - INFO -Action: Turning Left is done...
2026-02-10 00:32:18 - 2048_Game_System - INFO -In check_game_over function
2026-02-10 00:32:18 - 2048_Game_System - INFO -In generate_random_number function
2026-02-10 00:32:18 - 2048_Game_System - INFO -Your Score: 16
2026-02-10 00:32:19 - 2048_Game_System - INFO -Action: Moving Up...
2026-02-10 00:32:19 - 2048_Game_System - INFO -Action: Moving Up is done...
2026-02-10 00:32:19 - 2048_Game_System - INFO -In check_game_over function
2026-02-10 00:32:19 - 2048_Game_System - INFO -In generate_random_number function
2026-02-10 00:32:19 - 2048_Game_System - INFO -Your Score: 16
2026-02-10 00:32:20 - 2048_Game_System - INFO -Action: Turning Left...
2026-02-10 00:32:20 - 2048_Game_System - INFO -Action: Turning Left is done...
2026-02-10 00:32:20 - 2048_Game_System - INFO -In check_game_over function
2026-02-10 00:32:20 - 2048_Game_System - INFO -In generate_random_number function
2026-02-10 00:32:20 - 2048_Game_System - INFO -Your Score: 24
2026-02-10 00:32:21 - 2048_Game_System - INFO -Action: Moving Down...
2026-02-10 00:32:21 - 2048_Game_System - INFO -Action: Moving Down is Done ...
2026-02-10 00:32:21 - 2048_Game_System - INFO -In check_game_over function
2026-02-10 00:32:21 - 2048_Game_System - INFO -In generate_random_number function
2026-02-10 00:32:21 - 2048_Game_System - INFO -Your Score: 24
2026-02-10 00:32:22 - 2048_Game_System - INFO -Action: Turning Left...
2026-02-10 00:32:22 - 2048_Game_System - INFO -Action: Turning Left is done...
2026-02-10 00:32:22 - 2048_Game_System - INFO -In check_game_over function
2026-02-10 00:32:22 - 2048_Game_System - INFO -In generate_random_number function
2026-02-10 00:32:22 - 2048_Game_System - INFO -Your Score: 36
2026-02-10 00:32:23 - 2048_Game_System - INFO -Action: Moving Down...
2026-02-10 00:32:23 - 2048_Game_System - INFO -Action: Moving Down is Done ...
2026-02-10 00:32:23 - 2048_Game_System - INFO -In check_game_over function
2026-02-10 00:32:23 - 2048_Game_System - INFO -In generate_random_number function
2026-02-10 00:32:23 - 2048_Game_System - INFO -Your Score: 52
2026-02-10 00:32:27 - 2048_Game_System - INFO -Action: Turning Left...
2026-02-10 00:32:27 - 2048_Game_System - INFO -Action: Turning Left is done...
2026-02-10 00:32:27 - 2048_Game_System - INFO -In check_game_over function
2026-02-10 00:32:27 - 2048_Game_System - INFO -In generate_random_number function
2026-02-10 00:32:27 - 2048_Game_System - INFO -Your Score: 76
2026-02-10 00:32:28 - 2048_Game_System - INFO -Action: Moving Down...
2026-02-10 00:32:28 - 2048_Game_System - INFO -Action: Moving Down is Done ...
2026-02-10 00:32:28 - 2048_Game_System - INFO -In check_game_over function
2026-02-10 00:32:28 - 2048_Game_System - INFO -In generate_random_number function
2026-02-10 00:32:28 - 2048_Game_System - INFO -Your Score: 108
2026-02-10 00:32:28 - 2048_Game_System - INFO -Action: Moving Down...
2026-02-10 00:32:28 - 2048_Game_System - INFO -Action: Moving Down is Done ...
2026-02-10 00:32:28 - 2048_Game_System - INFO -In check_game_over function
2026-02-10 00:32:28 - 2048_Game_System - INFO -In generate_random_number function
2026-02-10 00:32:28 - 2048_Game_System - INFO -Your Score: 116
2026-02-10 00:32:29 - 2048_Game_System - INFO -Action: Turning Left...
2026-02-10 00:32:29 - 2048_Game_System - INFO -Action: Turning Left is done...
2026-02-10 00:32:29 - 2048_Game_System - INFO -In check_game_over function
2026-02-10 00:32:29 - 2048_Game_System - INFO -In generate_random_number function
2026-02-10 00:32:29 - 2048_Game_System - INFO -Your Score: 116
2026-02-10 00:32:30 - 2048_Game_System - INFO -Action: Turning Left...
2026-02-10 00:32:30 - 2048_Game_System - INFO -Action: Turning Left is done...
2026-02-10 00:32:30 - 2048_Game_System - INFO -In check_game_over function
2026-02-10 00:32:30 - 2048_Game_System - INFO -In generate_random_number function
2026-02-10 00:32:30 - 2048_Game_System - INFO -Your Score: 116
2026-02-10 00:32:31 - 2048_Game_System - INFO -Action: Moving Down...
2026-02-10 00:32:31 - 2048_Game_System - INFO -Action: Moving Down is Done ...
2026-02-10 00:32:31 - 2048_Game_System - INFO -In check_game_over function
2026-02-10 00:32:31 - 2048_Game_System - INFO -In generate_random_number function
2026-02-10 00:32:31 - 2048_Game_System - INFO -Your Score: 116
2026-02-10 00:32:32 - 2048_Game_System - INFO -Action: Turning Left...
2026-02-10 00:32:32 - 2048_Game_System - INFO -Action: Turning Left is done...
2026-02-10 00:32:32 - 2048_Game_System - INFO -In check_game_over function
2026-02-10 00:32:32 - 2048_Game_System - INFO -In generate_random_number function
2026-02-10 00:32:32 - 2048_Game_System - INFO -Your Score: 120
2026-02-10 00:32:32 - 2048_Game_System - INFO -Action: Moving Down...
2026-02-10 00:32:32 - 2048_Game_System - INFO -Action: Moving Down is Done ...
2026-02-10 00:32:32 - 2048_Game_System - INFO -In check_game_over function
2026-02-10 00:32:32 - 2048_Game_System - INFO -In generate_random_number function
2026-02-10 00:32:32 - 2048_Game_System - INFO -Your Score: 152
2026-02-10 00:32:34 - 2048_Game_System - INFO -Action: Turning Left...
2026-02-10 00:32:34 - 2048_Game_System - INFO -Action: Turning Left is done...
2026-02-10 00:32:34 - 2048_Game_System - INFO -In check_game_over function
2026-02-10 00:32:34 - 2048_Game_System - INFO -In generate_random_number function
2026-02-10 00:32:34 - 2048_Game_System - INFO -Your Score: 152
2026-02-10 00:32:34 - 2048_Game_System - INFO -Action: Moving Down...
2026-02-10 00:32:34 - 2048_Game_System - INFO -Action: Moving Down is Done ...
2026-02-10 00:32:34 - 2048_Game_System - INFO -In check_game_over function
2026-02-10 00:32:34 - 2048_Game_System - INFO -In generate_random_number function
2026-02-10 00:32:34 - 2048_Game_System - INFO -Your Score: 152
2026-02-10 00:32:36 - 2048_Game_System - INFO -Action: Moving Up...
2026-02-10 00:32:36 - 2048_Game_System - INFO -Action: Moving Up is done...
2026-02-10 00:32:36 - 2048_Game_System - INFO -In check_game_over function
2026-02-10 00:32:36 - 2048_Game_System - INFO -In generate_random_number function
2026-02-10 00:32:36 - 2048_Game_System - INFO -Your Score: 152
2026-02-10 00:32:37 - 2048_Game_System - INFO -Action: Moving Down...
2026-02-10 00:32:37 - 2048_Game_System - INFO -Action: Moving Down is Done ...
2026-02-10 00:32:37 - 2048_Game_System - INFO -In check_game_over function
2026-02-10 00:32:37 - 2048_Game_System - INFO -In generate_random_number function
2026-02-10 00:32:37 - 2048_Game_System - INFO -Your Score: 156
2026-02-10 00:32:38 - 2048_Game_System - INFO -Action: Moving Down...
2026-02-10 00:32:38 - 2048_Game_System - INFO -Action: Moving Down is Done ...
2026-02-10 00:32:38 - 2048_Game_System - INFO -In check_game_over function
2026-02-10 00:32:38 - 2048_Game_System - INFO -In generate_random_number function
2026-02-10 00:32:38 - 2048_Game_System - INFO -Your Score: 164
2026-02-10 00:32:39 - 2048_Game_System - INFO -Action: Turning Left...
2026-02-10 00:32:39 - 2048_Game_System - INFO -Action: Turning Left is done...
2026-02-10 00:32:39 - 2048_Game_System - INFO -In check_game_over function
2026-02-10 00:32:39 - 2048_Game_System - INFO -In generate_random_number function
2026-02-10 00:32:39 - 2048_Game_System - INFO -Your Score: 168
2026-02-10 00:32:40 - 2048_Game_System - INFO -Action: Moving Down...
2026-02-10 00:32:40 - 2048_Game_System - INFO -Action: Moving Down is Done ...
2026-02-10 00:32:40 - 2048_Game_System - INFO -In check_game_over function
2026-02-10 00:32:40 - 2048_Game_System - INFO -In generate_random_number function
2026-02-10 00:32:40 - 2048_Game_System - INFO -Your Score: 176
2026-02-10 00:32:43 - 2048_Game_System - INFO -Action: Moving Up...
2026-02-10 00:32:43 - 2048_Game_System - INFO -Action: Moving Up is done...
2026-02-10 00:32:43 - 2048_Game_System - INFO -In check_game_over function
2026-02-10 00:32:43 - 2048_Game_System - INFO -In generate_random_number function
2026-02-10 00:32:43 - 2048_Game_System - INFO -Your Score: 176
2026-02-10 00:32:44 - 2048_Game_System - INFO -Action: Moving Down...
2026-02-10 00:32:44 - 2048_Game_System - INFO -Action: Moving Down is Done ...
2026-02-10 00:32:44 - 2048_Game_System - INFO -In check_game_over function
2026-02-10 00:32:44 - 2048_Game_System - INFO -In generate_random_number function
2026-02-10 00:32:44 - 2048_Game_System - INFO -Your Score: 176
2026-02-10 00:32:45 - 2048_Game_System - INFO -Action: Turning Left...
2026-02-10 00:32:45 - 2048_Game_System - INFO -Action: Turning Left is done...
2026-02-10 00:32:45 - 2048_Game_System - INFO -In check_game_over function
2026-02-10 00:32:45 - 2048_Game_System - INFO -In generate_random_number function
2026-02-10 00:32:45 - 2048_Game_System - INFO -Your Score: 176
2026-02-10 00:32:45 - 2048_Game_System - INFO -Action: Moving Down...
2026-02-10 00:32:45 - 2048_Game_System - INFO -Action: Moving Down is Done ...
2026-02-10 00:32:45 - 2048_Game_System - INFO -In check_game_over function
2026-02-10 00:32:45 - 2048_Game_System - INFO -In generate_random_number function
2026-02-10 00:32:45 - 2048_Game_System - INFO -Your Score: 288
2026-02-10 00:32:47 - 2048_Game_System - INFO -Action: Turning Left...
2026-02-10 00:32:47 - 2048_Game_System - INFO -Action: Turning Left is done...
2026-02-10 00:32:47 - 2048_Game_System - INFO -In check_game_over function
2026-02-10 00:32:47 - 2048_Game_System - INFO -In generate_random_number function
2026-02-10 00:32:47 - 2048_Game_System - INFO -Your Score: 288
2026-02-10 00:32:48 - 2048_Game_System - INFO -Action: Turning Left...
2026-02-10 00:32:48 - 2048_Game_System - INFO -Action: Turning Left is done...
2026-02-10 00:32:48 - 2048_Game_System - INFO -In check_game_over function
2026-02-10 00:32:48 - 2048_Game_System - INFO -In generate_random_number function
2026-02-10 00:32:48 - 2048_Game_System - INFO -Your Score: 296
2026-02-10 00:32:51 - 2048_Game_System - INFO -Action: Moving Down...
2026-02-10 00:32:51 - 2048_Game_System - INFO -Action: Moving Down is Done ...
2026-02-10 00:32:51 - 2048_Game_System - INFO -In check_game_over function
2026-02-10 00:32:51 - 2048_Game_System - INFO -In generate_random_number function
2026-02-10 00:32:51 - 2048_Game_System - INFO -Your Score: 304
2026-02-10 00:32:51 - 2048_Game_System - INFO -Action: Moving Down...
2026-02-10 00:32:51 - 2048_Game_System - INFO -Action: Moving Down is Done ...
2026-02-10 00:32:51 - 2048_Game_System - INFO -In check_game_over function
2026-02-10 00:32:51 - 2048_Game_System - INFO -In generate_random_number function
2026-02-10 00:32:51 - 2048_Game_System - INFO -Your Score: 304
2026-02-10 00:32:52 - 2048_Game_System - INFO -Action: Turning Left...
2026-02-10 00:32:52 - 2048_Game_System - INFO -Action: Turning Left is done...
2026-02-10 00:32:52 - 2048_Game_System - INFO -In check_game_over function
2026-02-10 00:32:52 - 2048_Game_System - INFO -In generate_random_number function
2026-02-10 00:32:52 - 2048_Game_System - INFO -Your Score: 332
2026-02-10 00:32:53 - 2048_Game_System - INFO -Action: Moving Down...
2026-02-10 00:32:53 - 2048_Game_System - INFO -Action: Moving Down is Done ...
2026-02-10 00:32:53 - 2048_Game_System - INFO -In check_game_over function
2026-02-10 00:32:53 - 2048_Game_System - INFO -In generate_random_number function
2026-02-10 00:32:53 - 2048_Game_System - INFO -Your Score: 340
2026-02-10 00:32:54 - 2048_Game_System - INFO -Action: Moving Up...
2026-02-10 00:32:54 - 2048_Game_System - INFO -Action: Moving Up is done...
2026-02-10 00:32:54 - 2048_Game_System - INFO -In check_game_over function
2026-02-10 00:32:54 - 2048_Game_System - INFO -In generate_random_number function
2026-02-10 00:32:54 - 2048_Game_System - INFO -Your Score: 360
2026-02-10 00:32:54 - 2048_Game_System - INFO -Action: Turning Left...
2026-02-10 00:32:54 - 2048_Game_System - INFO -Action: Turning Left is done...
2026-02-10 00:32:54 - 2048_Game_System - INFO -In check_game_over function
2026-02-10 00:32:54 - 2048_Game_System - INFO -In generate_random_number function
2026-02-10 00:32:54 - 2048_Game_System - INFO -Your Score: 360
2026-02-10 00:32:54 - 2048_Game_System - INFO -Action: Moving Down...
2026-02-10 00:32:54 - 2048_Game_System - INFO -Action: Moving Down is Done ...
2026-02-10 00:32:54 - 2048_Game_System - INFO -In check_game_over function
2026-02-10 00:32:54 - 2048_Game_System - INFO -In generate_random_number function
2026-02-10 00:32:54 - 2048_Game_System - INFO -Your Score: 368
2026-02-10 00:32:55 - 2048_Game_System - INFO -Action: Moving Up...
2026-02-10 00:32:55 - 2048_Game_System - INFO -Action: Moving Up is done...
2026-02-10 00:32:55 - 2048_Game_System - INFO -In check_game_over function
2026-02-10 00:32:55 - 2048_Game_System - INFO -In generate_random_number function
2026-02-10 00:32:55 - 2048_Game_System - INFO -Your Score: 368
2026-02-10 00:32:55 - 2048_Game_System - INFO -Action: Moving Down...
2026-02-10 00:32:55 - 2048_Game_System - INFO -Action: Moving Down is Done ...
2026-02-10 00:32:55 - 2048_Game_System - INFO -In check_game_over function
2026-02-10 00:32:55 - 2048_Game_System - INFO -In generate_random_number function
2026-02-10 00:32:55 - 2048_Game_System - INFO -Your Score: 368
2026-02-10 00:32:55 - 2048_Game_System - INFO -Action: Turning Left...
2026-02-10 00:32:55 - 2048_Game_System - INFO -Action: Turning Left is done...
2026-02-10 00:32:55 - 2048_Game_System - INFO -In check_game_over function
2026-02-10 00:32:55 - 2048_Game_System - INFO -In generate_random_number function
2026-02-10 00:32:55 - 2048_Game_System - INFO -Your Score: 376
2026-02-10 00:32:55 - 2048_Game_System - INFO -Action: Turning Right...
2026-02-10 00:32:55 - 2048_Game_System - INFO -Action: Turning Right is done ...
2026-02-10 00:32:55 - 2048_Game_System - INFO -In check_game_over function
2026-02-10 00:32:55 - 2048_Game_System - INFO -In generate_random_number function
2026-02-10 00:32:55 - 2048_Game_System - INFO -Your Score: 384
2026-02-10 00:32:56 - 2048_Game_System - INFO -Action: Moving Down...
2026-02-10 00:32:56 - 2048_Game_System - INFO -Action: Moving Down is Done ...
2026-02-10 00:32:56 - 2048_Game_System - INFO -In check_game_over function
2026-02-10 00:32:56 - 2048_Game_System - INFO -In generate_random_number function
2026-02-10 00:32:56 - 2048_Game_System - INFO -Your Score: 400
2026-02-10 00:32:56 - 2048_Game_System - INFO -Action: Moving Up...
2026-02-10 00:32:56 - 2048_Game_System - INFO -Action: Moving Up is done...
2026-02-10 00:32:56 - 2048_Game_System - INFO -In check_game_over function
2026-02-10 00:32:56 - 2048_Game_System - INFO -In generate_random_number function
2026-02-10 00:32:56 - 2048_Game_System - INFO -Your Score: 400
2026-02-10 00:32:56 - 2048_Game_System - INFO -Action: Moving Down...
2026-02-10 00:32:56 - 2048_Game_System - INFO -Action: Moving Down is Done ...
2026-02-10 00:32:56 - 2048_Game_System - INFO -In check_game_over function
2026-02-10 00:32:56 - 2048_Game_System - INFO -In generate_random_number function
2026-02-10 00:32:56 - 2048_Game_System - INFO -Your Score: 408
2026-02-10 00:32:56 - 2048_Game_System - INFO -Action: Turning Left...
2026-02-10 00:32:56 - 2048_Game_System - INFO -Action: Turning Left is done...
2026-02-10 00:32:56 - 2048_Game_System - INFO -In check_game_over function
2026-02-10 00:32:56 - 2048_Game_System - INFO -In generate_random_number function
2026-02-10 00:32:56 - 2048_Game_System - INFO -Your Score: 432
2026-02-10 00:32:57 - 2048_Game_System - INFO -Action: Moving Down...
2026-02-10 00:32:57 - 2048_Game_System - INFO -Action: Moving Down is Done ...
2026-02-10 00:32:57 - 2048_Game_System - INFO -In check_game_over function
2026-02-10 00:32:57 - 2048_Game_System - INFO -In generate_random_number function
2026-02-10 00:32:57 - 2048_Game_System - INFO -Your Score: 468
2026-02-10 00:32:57 - 2048_Game_System - INFO -Action: Moving Up...
2026-02-10 00:32:57 - 2048_Game_System - INFO -Action: Moving Up is done...
2026-02-10 00:32:57 - 2048_Game_System - INFO -In check_game_over function
2026-02-10 00:32:57 - 2048_Game_System - INFO -In generate_random_number function
2026-02-10 00:32:57 - 2048_Game_System - INFO -Your Score: 468
2026-02-10 00:32:57 - 2048_Game_System - INFO -Action: Moving Down...
2026-02-10 00:32:57 - 2048_Game_System - INFO -Action: Moving Down is Done ...
2026-02-10 00:32:57 - 2048_Game_System - INFO -In check_game_over function
2026-02-10 00:32:57 - 2048_Game_System - INFO -In generate_random_number function
2026-02-10 00:32:57 - 2048_Game_System - INFO -Your Score: 468
2026-02-10 00:32:57 - 2048_Game_System - INFO -Action: Turning Left...
2026-02-10 00:32:57 - 2048_Game_System - INFO -Action: Turning Left is done...
2026-02-10 00:32:57 - 2048_Game_System - INFO -In check_game_over function
2026-02-10 00:32:57 - 2048_Game_System - INFO -In generate_random_number function
2026-02-10 00:32:57 - 2048_Game_System - INFO -Your Score: 468
2026-02-10 00:32:58 - 2048_Game_System - INFO -Action: Moving Down...
2026-02-10 00:32:58 - 2048_Game_System - INFO -Action: Moving Down is Done ...
2026-02-10 00:32:58 - 2048_Game_System - INFO -In check_game_over function
2026-02-10 00:32:58 - 2048_Game_System - INFO -In generate_random_number function
2026-02-10 00:32:58 - 2048_Game_System - INFO -Your Score: 468
2026-02-10 00:32:58 - 2048_Game_System - INFO -Action: Moving Up...
2026-02-10 00:32:58 - 2048_Game_System - INFO -Action: Moving Up is done...
2026-02-10 00:32:58 - 2048_Game_System - INFO -In check_game_over function
2026-02-10 00:32:58 - 2048_Game_System - INFO -In generate_random_number function
2026-02-10 00:32:58 - 2048_Game_System - INFO -Your Score: 468
2026-02-10 00:32:58 - 2048_Game_System - INFO -Action: Moving Down...
2026-02-10 00:32:58 - 2048_Game_System - INFO -Action: Moving Down is Done ...
2026-02-10 00:32:58 - 2048_Game_System - INFO -In check_game_over function
2026-02-10 00:32:58 - 2048_Game_System - INFO -In generate_random_number function
2026-02-10 00:32:58 - 2048_Game_System - INFO -Your Score: 468
2026-02-10 00:32:58 - 2048_Game_System - INFO -Action: Turning Left...
2026-02-10 00:32:58 - 2048_Game_System - INFO -Action: Turning Left is done...
2026-02-10 00:32:58 - 2048_Game_System - INFO -In check_game_over function
2026-02-10 00:32:58 - 2048_Game_System - INFO -In generate_random_number function
2026-02-10 00:32:58 - 2048_Game_System - INFO -Your Score: 500
2026-02-10 00:32:59 - 2048_Game_System - INFO -Action: Moving Down...
2026-02-10 00:32:59 - 2048_Game_System - INFO -Action: Moving Down is Done ...
2026-02-10 00:32:59 - 2048_Game_System - INFO -In check_game_over function
2026-02-10 00:32:59 - 2048_Game_System - INFO -In generate_random_number function
2026-02-10 00:32:59 - 2048_Game_System - INFO -Your Score: 500
2026-02-10 00:32:59 - 2048_Game_System - INFO -Action: Moving Up...
2026-02-10 00:32:59 - 2048_Game_System - INFO -Action: Moving Up is done...
2026-02-10 00:32:59 - 2048_Game_System - INFO -In check_game_over function
2026-02-10 00:32:59 - 2048_Game_System - INFO -In generate_random_number function
2026-02-10 00:32:59 - 2048_Game_System - INFO -Your Score: 508
2026-02-10 00:32:59 - 2048_Game_System - INFO -Action: Moving Down...
2026-02-10 00:32:59 - 2048_Game_System - INFO -Action: Moving Down is Done ...
2026-02-10 00:32:59 - 2048_Game_System - INFO -In check_game_over function
2026-02-10 00:32:59 - 2048_Game_System - INFO -In generate_random_number function
2026-02-10 00:32:59 - 2048_Game_System - INFO -Your Score: 512
2026-02-10 00:32:59 - 2048_Game_System - INFO -Action: Turning Left...
2026-02-10 00:32:59 - 2048_Game_System - INFO -Action: Turning Left is done...
2026-02-10 00:32:59 - 2048_Game_System - INFO -In check_game_over function
2026-02-10 00:32:59 - 2048_Game_System - INFO -In generate_random_number function
2026-02-10 00:32:59 - 2048_Game_System - INFO -Your Score: 520
2026-02-10 00:32:59 - 2048_Game_System - INFO -Action: Moving Down...
2026-02-10 00:32:59 - 2048_Game_System - INFO -Action: Moving Down is Done ...
2026-02-10 00:32:59 - 2048_Game_System - INFO -In check_game_over function
2026-02-10 00:32:59 - 2048_Game_System - INFO -In generate_random_number function
2026-02-10 00:32:59 - 2048_Game_System - INFO -Your Score: 544
2026-02-10 00:33:00 - 2048_Game_System - INFO -Action: Moving Down...
2026-02-10 00:33:00 - 2048_Game_System - INFO -Action: Moving Down is Done ...
2026-02-10 00:33:00 - 2048_Game_System - INFO -In check_game_over function
2026-02-10 00:33:00 - 2048_Game_System - INFO -In generate_random_number function
2026-02-10 00:33:00 - 2048_Game_System - INFO -Your Score: 544
2026-02-10 00:33:00 - 2048_Game_System - INFO -Action: Moving Up...
2026-02-10 00:33:00 - 2048_Game_System - INFO -Action: Moving Up is done...
2026-02-10 00:33:00 - 2048_Game_System - INFO -In check_game_over function
2026-02-10 00:33:00 - 2048_Game_System - INFO -In generate_random_number function
2026-02-10 00:33:00 - 2048_Game_System - INFO -Your Score: 544
2026-02-10 00:33:01 - 2048_Game_System - INFO -Action: Moving Down...
2026-02-10 00:33:01 - 2048_Game_System - INFO -Action: Moving Down is Done ...
2026-02-10 00:33:01 - 2048_Game_System - INFO -In check_game_over function
2026-02-10 00:33:01 - 2048_Game_System - INFO -Your Score: 544
2026-02-10 00:33:01 - 2048_Game_System - INFO -In is_array_full function
2026-02-10 00:33:01 - 2048_Game_System - INFO -Game is Over , Array is full, No space left
